[1/4] Chunk AES RTL
[1/4] Chunk AES RTL
wrote 77 chunks to /home/smy/rtl_bug_agent/experiments/signal_only_ablation/aes_incremental_old_prompt/aes_chunks_incremental.json
{
  "continuous_region": 34,
  "always_ff": 12,
  "generate_for": 14,
  "always_comb": 17
}
000 aes_control__continuous_region__aes_control__001 /home/smy/rtl_bug_agent/experiments/signal_only_ablation/aes_incremental_old_prompt/_aes_min_rtl/aes_control.sv:9-134
001 aes_control__always_ff__line_136__001 /home/smy/rtl_bug_agent/experiments/signal_only_ablation/aes_incremental_old_prompt/_aes_min_rtl/aes_control.sv:136-142
002 aes_control__continuous_region__declarations_or_instances__001 /home/smy/rtl_bug_agent/experiments/signal_only_ablation/aes_incremental_old_prompt/_aes_min_rtl/aes_control.sv:144-210
003 aes_control__generate_for__gen_conv_key_init_wqe_shares__001 /home/smy/rtl_bug_agent/experiments/signal_only_ablation/aes_incremental_old_prompt/_aes_min_rtl/aes_control.sv:211-219
004 aes_control__continuous_region__declarations_or_instances__002 /home/smy/rtl_bug_agent/experiments/signal_only_ablation/aes_incremental_old_prompt/_aes_min_rtl/aes_control.sv:220-223
005 aes_control__generate_for__gen_conv_ctr_iv_we_slices__001 /home/smy/rtl_bug_agent/experiments/signal_only_ablation/aes_incremental_old_prompt/_aes_min_rtl/aes_control.sv:224-231
006 aes_control__continuous_region__declarations_or_instances__003 /home/smy/rtl_bug_agent/experiments/signal_only_ablation/aes_incremental_old_prompt/_aes_min_rtl/aes_control.sv:238-242
007 aes_control__generate_for__gen_fsm__001 /home/smy/rtl_bug_agent/experiments/signal_only_ablation/aes_incremental_old_prompt/_aes_min_rtl/aes_control.sv:247-431
008 aes_control__continuous_region__declarations_or_instances__004 /home/smy/rtl_bug_agent/experiments/signal_only_ablation/aes_incremental_old_prompt/_aes_min_rtl/aes_control.sv:434-468
009 aes_control__always_comb__combine_sparse_signals__001 /home/smy/rtl_bug_agent/experiments/signal_only_ablation/aes_incremental_old_prompt/_aes_min_rtl/aes_control.sv:474-502
010 aes_control__continuous_region__declarations_or_instances__005 /home/smy/rtl_bug_agent/experiments/signal_only_ablation/aes_incremental_old_prompt/_aes_min_rtl/aes_control.sv:505-505
011 aes_control__continuous_region__int__001 /home/smy/rtl_bug_agent/experiments/signal_only_ablation/aes_incremental_old_prompt/_aes_min_rtl/aes_control.sv:524-534
012 aes_control__generate_for__gen_use_ctr_we_i__001 /home/smy/rtl_bug_agent/experiments/signal_only_ablation/aes_incremental_old_prompt/_aes_min_rtl/aes_control.sv:535-537
013 aes_control__continuous_region__bit__001 /home/smy/rtl_bug_agent/experiments/signal_only_ablation/aes_incremental_old_prompt/_aes_min_rtl/aes_control.sv:540-540
014 aes_control__generate_for__gen_sel_buf_chk__001 /home/smy/rtl_bug_agent/experiments/signal_only_ablation/aes_incremental_old_prompt/_aes_min_rtl/aes_control.sv:543-556
015 aes_control__continuous_region__declarations_or_instances__006 /home/smy/rtl_bug_agent/experiments/signal_only_ablation/aes_incremental_old_prompt/_aes_min_rtl/aes_control.sv:558-562
016 aes_control__generate_for__gen_ctr_we__001 /home/smy/rtl_bug_agent/experiments/signal_only_ablation/aes_incremental_old_prompt/_aes_min_rtl/aes_control.sv:563-565
017 aes_control__continuous_region__declarations_or_instances__007 /home/smy/rtl_bug_agent/experiments/signal_only_ablation/aes_incremental_old_prompt/_aes_min_rtl/aes_control.sv:570-580
018 aes_control_fsm__continuous_region__aes_control_fsm__001 /home/smy/rtl_bug_agent/experiments/signal_only_ablation/aes_incremental_old_prompt/_aes_min_rtl/aes_control_fsm.sv:10-235
019 aes_control_fsm__always_comb__aes_ctrl_fsm__001 /home/smy/rtl_bug_agent/experiments/signal_only_ablation/aes_incremental_old_prompt/_aes_min_rtl/aes_control_fsm.sv:238-629
... 57 more chunks
[2/4] Collect incremental chunk ids
incremental chunk ids:
  aes_control__always_comb__combine_sparse_signals__001
  aes_control__generate_for__gen_fsm__001
  aes_control__generate_for__gen_sel_buf_chk__001
  aes_control_fsm__always_comb__aes_ctrl_fsm__001
  aes_core__always_comb__iv_mux__001
  aes_core__always_ff__iv_reg__001
  aes_core__generate_for__gen_iv_we__001
  aes_core__generate_for__gen_sel_buf_chk__001
[3/4] Generate incremental specs into old aes spec dir
wrote /home/smy/rtl_bug_agent/output/specs_aes/aes_control__always_comb__combine_sparse_signals__001.json
wrote /home/smy/rtl_bug_agent/output/specs_aes/aes_control__generate_for__gen_fsm__001.json
wrote /home/smy/rtl_bug_agent/output/specs_aes/aes_control__generate_for__gen_sel_buf_chk__001.json
wrote /home/smy/rtl_bug_agent/output/specs_aes/aes_control_fsm__always_comb__aes_ctrl_fsm__001.json
wrote /home/smy/rtl_bug_agent/output/specs_aes/aes_core__always_comb__iv_mux__001.json
wrote /home/smy/rtl_bug_agent/output/specs_aes/aes_core__always_ff__iv_reg__001.json
wrote /home/smy/rtl_bug_agent/output/specs_aes/aes_core__generate_for__gen_iv_we__001.json
wrote /home/smy/rtl_bug_agent/output/specs_aes/aes_core__generate_for__gen_sel_buf_chk__001.json
[4/4] Run phase2 channel B only with old specs dir
============================================================
Pass 0: Signal Dependency Graph (aes)
============================================================
SignalGraph: 415 signals (277 driven, 223 consumed), 242 A-G pairs to check, 78 specs indexed
A-G pairs: 242 total -> 240 after filter (99%)
