
 /----------------------------------------------------------------------------\
 |                                                                            |
 |  yosys -- Yosys Open SYnthesis Suite                                       |
 |                                                                            |
 |  Copyright (C) 2012 - 2019  Clifford Wolf <clifford@clifford.at>           |
 |                                                                            |
 |  Permission to use, copy, modify, and/or distribute this software for any  |
 |  purpose with or without fee is hereby granted, provided that the above    |
 |  copyright notice and this permission notice appear in all copies.         |
 |                                                                            |
 |  THE SOFTWARE IS PROVIDED "AS IS" AND THE AUTHOR DISCLAIMS ALL WARRANTIES  |
 |  WITH REGARD TO THIS SOFTWARE INCLUDING ALL IMPLIED WARRANTIES OF          |
 |  MERCHANTABILITY AND FITNESS. IN NO EVENT SHALL THE AUTHOR BE LIABLE FOR   |
 |  ANY SPECIAL, DIRECT, INDIRECT, OR CONSEQUENTIAL DAMAGES OR ANY DAMAGES    |
 |  WHATSOEVER RESULTING FROM LOSS OF USE, DATA OR PROFITS, WHETHER IN AN     |
 |  ACTION OF CONTRACT, NEGLIGENCE OR OTHER TORTIOUS ACTION, ARISING OUT OF   |
 |  OR IN CONNECTION WITH THE USE OR PERFORMANCE OF THIS SOFTWARE.            |
 |                                                                            |
 \----------------------------------------------------------------------------/

 Yosys 0.9 (git sha1 1979e0b)


-- Executing script file `../model/design.ys' --

1. Executing Verilog-2005 frontend: /home/smy/opentitan/scratch/master/chip_earlgrey_asic-sim-vcs/default_26.05.17_05.00.49/src/lowrisc_dv_crypto_dpi_prince_0.1/crypto_dpi_prince_pkg.sv
Parsing SystemVerilog input from `/home/smy/opentitan/scratch/master/chip_earlgrey_asic-sim-vcs/default_26.05.17_05.00.49/src/lowrisc_dv_crypto_dpi_prince_0.1/crypto_dpi_prince_pkg.sv' to AST representation.
/home/smy/opentitan/scratch/master/chip_earlgrey_asic-sim-vcs/default_26.05.17_05.00.49/src/lowrisc_dv_crypto_dpi_prince_0.1/crypto_dpi_prince_pkg.sv:11: ERROR: syntax error, unexpected TOK_PARAMETER, expecting ATTR_BEGIN or TOK_LOCALPARAM or TOK_ENDPACKAGE
